// Jest Snapshot v1, https://goo.gl/fbAQLP

exports[`Feature should match snapshot 1`] = `
<div>
  <div>
    #__FEATURE_NAME__#
  </div>
</div>
`;
